[www.imperorp.com/index.html]
[backblue.gif]
[fade.gif]
[index.html]
[www.imperorp.com/wp-content/22f4e992ee853756a09a18aaa0716c9bdbc3.js]
[www.imperorp.com/wp-content/f676ea818d61f5d63b3bfd11c1a89de21bc1.js]
[www.imperorp.com/wp-content/plugins/real-cookie-banner/public/lib/animate.css/animate.min0235.css]
[www.imperorp.com/wp-includes/css/dist/block-library/style.min74e5.css]
[www.imperorp.com/feed/index.html]
[www.imperorp.com/wp-content/plugins/elementor/assets/lib/eicons/css/elementor-icons.min05c8.css]
[www.imperorp.com/wp-content/plugins/elementor/assets/css/frontend.mina7da.css]
[www.imperorp.com/wp-content/plugins/elementor/assets/lib/eicons/fonts/eicons0b93.eot]
[www.imperorp.com/wp-content/uploads/elementor/css/post-121044c28.css]
[www.imperorp.com/comments/feed/index.html]
[www.imperorp.com/wp-content/uploads/elementor/css/global3a3a.css]
[www.imperorp.com/wp-content/uploads/elementor/css/post-121053025.css]
[www.imperorp.com/wp-content/themes/rife-free/js/light-gallery/css/lightgallery.min8162.css]
[www.imperorp.com/wp-content/plugins/elementor/assets/lib/font-awesome/css/font-awesome.min1849.css]
[www.imperorp.com/wp-content/themes/rife-free/css/icomoon164b.css]
[www.imperorp.com/wp-content/themes/rife-free/style164b.css]
[www.imperorp.com/wp-content/uploads/apollo13_framework_files/css/user018d.css]
[www.imperorp.com/wp-content/plugins/elementor/assets/lib/font-awesome/css/all.mina7da.css]
[www.imperorp.com/wp-content/plugins/elementor/assets/lib/font-awesome/css/v4-shims.mina7da.css]
[www.imperorp.com/wp-content/plugins/elementor/assets/lib/font-awesome/css/fontawesome.min52d5.css]
[www.imperorp.com/wp-content/plugins/elementor/assets/lib/font-awesome/css/brands.min52d5.css]
[www.imperorp.com/wp-content/plugins/elementor/assets/lib/font-awesome/css/solid.min52d5.css]
[www.imperorp.com/wp-includes/js/jquery/jquery.minaf6c.js]
[www.imperorp.com/wp-includes/js/jquery/jquery-migrate.mind617.js]
[www.imperorp.com/wp-content/plugins/google-analytics-for-wordpress/assets/js/frontend-gtag.min9662.js]
[www.imperorp.com/wp-content/plugins/elementor/assets/lib/font-awesome/js/v4-shims.mina7da.js]
[www.imperorp.com/wp-json/index.html]
[www.imperorp.com/wp-json/wp/v2/pages/12105.json]
[www.imperorp.com/xmlrpc0db0.php]
[www.imperorp.com/wp-includes/wlwmanifest.xml]
[www.imperorp.com/wp-json/oembed/1.0/embed20fd.json]
[www.imperorp.com/wp-json/oembed/1.0/embed6278]
[www.imperorp.com/wp-content/themes/rife-free/js/webfontloader.min.js]
[www.imperorp.com/wp-content/uploads/2021/11/cropped-Sensdsadas1-32x32.png]
[www.imperorp.com/wp-content/uploads/2021/11/cropped-Sensdsadas1-192x192.png]
[www.imperorp.com/wp-content/uploads/2021/11/cropped-Sensdsadas1-180x180.png]
[www.imperorp.com/wp-content/uploads/2021/11/LOGOTYPE.png]
[www.imperorp.com/wp-content/uploads/2021/11/logo-ruotant-anim-.gif]
[www.imperorp.com/wp-content/uploads/2021/12/Senza-titolo-2-1.png]
[www.imperorp.com/wp-content/uploads/2021/12/Senza-titolo-1-1.png]
[www.imperorp.com/staff/index.html]
[www.imperorp.com/wp-content/uploads/2021/12/Senza-titolo-5-1.png]
[www.imperorp.com/wp-content/uploads/2021/12/Senza-titolo-3-1.png]
[www.imperorp.com/streamer/index.html]
[www.imperorp.com/wp-content/uploads/2021/12/Senza-titolo-4-1-1024x570.png]
[www.imperorp.com/sfondi_impero.zip]
[www.imperorp.com/auto/index.html]
[www.imperorp.com/wp-content/uploads/2021/11/Senza-titolo-2.png]
[www.imperorp.com/wp-content/uploads/2021/11/Senza-titolo-1.png]
[www.imperorp.com/pacchetti/index.html]
[www.imperorp.com/wp-content/uploads/2021/11/The_Stronght_Logo.png]
[www.imperorp.com/changelog/index.html]
[www.imperorp.com/www.imperorp.com]
[www.imperorp.com/wp-content/plugins/elementor/assets/lib/animations/animations.mina7da.css]
[www.imperorp.com/wp-content/c7d9c5a96ada032e2a70c6f1562f688996ce.js]
[www.imperorp.com/wp-content/themes/rife-free/js/helpers.min164b.js]
[www.imperorp.com/wp-content/themes/rife-free/js/jquery.fitvids.min4963.js]
[www.imperorp.com/wp-content/themes/rife-free/js/jquery.fittext.min62ea.js]
[www.imperorp.com/wp-content/themes/rife-free/js/jquery.slides.min459e.js]
[www.imperorp.com/wp-content/themes/rife-free/js/jquery.sticky-kit.mincfa9.js]
[www.imperorp.com/wp-content/themes/rife-free/js/jquery.mousewheel.mina9d5.js]
[www.imperorp.com/wp-content/themes/rife-free/js/typed.min8daf.js]
[www.imperorp.com/wp-content/themes/rife-free/js/isotope.pkgd.min7c45.js]
[www.imperorp.com/wp-content/themes/rife-free/js/light-gallery/js/lightgallery-all.min8162.js]
[www.imperorp.com/wp-content/themes/rife-free/js/script.min164b.js]
[www.imperorp.com/wp-content/plugins/searchwp-live-ajax-search/assets/javascript/dist/script.min51a2.js]
[www.imperorp.com/wp-content/plugins/elementor/assets/lib/waypoints/waypoints.min05da.js]
[www.imperorp.com/wp-content/plugins/rife-elementor-extensions/assets/js/frontendc5c9.js]
[www.imperorp.com/wp-content/plugins/elementor/assets/lib/jquery-numerator/jquery-numerator.min3958.js]
[www.imperorp.com/wp-content/plugins/elementor/assets/js/webpack.runtime.mina7da.js]
[www.imperorp.com/wp-content/plugins/elementor/assets/js/frontend-modules.mina7da.js]
[www.imperorp.com/wp-includes/js/jquery/ui/core.min0028.js]
[www.imperorp.com/wp-content/plugins/elementor/assets/lib/swiper/swiper.min48f5.js]
[www.imperorp.com/wp-content/plugins/elementor/assets/lib/share-link/share-link.mina7da.js]
[www.imperorp.com/wp-content/plugins/elementor/assets/lib/dialog/dialog.mina288.js]
[www.imperorp.com/wp-content/plugins/elementor/assets/js/frontend.mina7da.js]
[www.imperorp.com/wp-content/plugins/elementor/assets/js/preloaded-modules.mina7da.js]
[www.imperorp.com/wp-includes/js/underscore.min0028.js]
[www.imperorp.com/wp-includes/js/wp-util.min74e5.js]
[www.imperorp.com/index.html]
[www.imperorp.com/wp-content/plugins/real-cookie-banner/public/lib/animate.css/animate.min0235.css]
[www.imperorp.com/wp-includes/css/dist/block-library/style.min74e5.css]
[www.imperorp.com/wp-content/plugins/wpforms-lite/assets/js/integrations/elementor/frontend.min7d4c.js]
[www.imperorp.com/wp-content/plugins/elementor/assets/lib/eicons/fonts/eiconsc387.eot]
[www.imperorp.com/wp-content/plugins/elementor/assets/lib/eicons/fonts/eiconsc387.woff2]
[www.imperorp.com/wp-content/plugins/elementor/assets/lib/eicons/fonts/eiconsc387.woff]
[www.imperorp.com/wp-content/plugins/elementor/assets/lib/eicons/fonts/eiconsc387.ttf]
[www.imperorp.com/wp-content/plugins/elementor/assets/lib/eicons/css/elementor-icons.min05c8.css]
[www.imperorp.com/wp-content/plugins/elementor/assets/css/frontend.mina7da.css]
[www.imperorp.com/wp-content/uploads/elementor/css/post-121044c28.css]
[www.imperorp.com/wp-content/uploads/elementor/css/global3a3a.css]
[www.imperorp.com/wp-content/plugins/elementor/assets/lib/eicons/fonts/eiconsc387.svg]
[www.imperorp.com/wp-content/uploads/2021/11/Screenshot_806.png]
[www.imperorp.com/wp-content/uploads/2018/10/playstation-pattern2.png]
[www.imperorp.com/wp-content/uploads/2021/11/Senza-titolo-3.png]
[www.imperorp.com/wp-content/uploads/2021/11/Senza-titolo-3W.png]
[www.imperorp.com/wp-content/uploads/2021/11/pack1.png]
[www.imperorp.com/wp-content/uploads/2021/11/staff11.png]
[www.imperorp.com/wp-content/uploads/2021/11/pack6.png]
[www.imperorp.com/wp-content/uploads/elementor/css/post-121053025.css]
[www.imperorp.com/wp-content/themes/rife-free/js/light-gallery/fonts/lg8306.ttf]
[www.imperorp.com/wp-content/themes/rife-free/js/light-gallery/fonts/lg8306.woff]
[www.imperorp.com/wp-content/themes/rife-free/js/light-gallery/fonts/lg8306.svg]
[www.imperorp.com/wp-content/themes/rife-free/js/light-gallery/img/vimeo-play.png]
[www.imperorp.com/wp-content/themes/rife-free/js/light-gallery/img/video-play.png]
[www.imperorp.com/wp-content/themes/rife-free/js/light-gallery/img/youtube-play.png]
[www.imperorp.com/wp-content/themes/rife-free/js/light-gallery/img/loading.gif]
[www.imperorp.com/wp-content/themes/rife-free/js/light-gallery/css/lightgallery.min8162.css]
[www.imperorp.com/wp-content/plugins/elementor/assets/lib/font-awesome/fonts/fontawesome-webfont3e6e.eot]
[www.imperorp.com/wp-content/plugins/elementor/assets/lib/font-awesome/fonts/fontawesome-webfontd41d.eot]
[www.imperorp.com/wp-content/plugins/elementor/assets/lib/font-awesome/fonts/fontawesome-webfont3e6e.woff2]
[www.imperorp.com/wp-content/plugins/elementor/assets/lib/font-awesome/fonts/fontawesome-webfont3e6e.woff]
[www.imperorp.com/wp-content/plugins/elementor/assets/lib/font-awesome/fonts/fontawesome-webfont3e6e.ttf]
[www.imperorp.com/wp-content/plugins/elementor/assets/lib/font-awesome/css/font-awesome.min1849.css]
[www.imperorp.com/wp-content/plugins/elementor/assets/lib/font-awesome/fonts/fontawesome-webfont3e6e.svg]
[www.imperorp.com/wp-content/themes/rife-free/fonts/a13-icomoon8e69.ttf]
[www.imperorp.com/wp-content/themes/rife-free/fonts/a13-icomoon8e69.woff]
[www.imperorp.com/wp-content/themes/rife-free/css/icomoon164b.css]
[www.imperorp.com/wp-content/themes/rife-free/fonts/a13-icomoon8e69.svg]
[www.imperorp.com/wp-content/themes/rife-free/images/author.png]
[www.imperorp.com/wp-content/themes/rife-free/images/ie9saver.gif]
[www.imperorp.com/wp-content/themes/rife-free/images/ajax-loader.gif]
[www.imperorp.com/wp-content/themes/rife-free/images/overlays/pattern.png]
[www.imperorp.com/wp-content/themes/rife-free/images/overlays/pattern2.png]
[www.imperorp.com/wp-content/themes/rife-free/images/overlays/pattern3.png]
[www.imperorp.com/wp-content/themes/rife-free/images/overlays/pattern4.png]
[www.imperorp.com/wp-content/themes/rife-free/images/overlays/pattern5.png]
[www.imperorp.com/wp-content/themes/rife-free/images/apollo13.png]
[www.imperorp.com/wp-content/themes/rife-free/style164b.css]
[www.imperorp.com/wp-content/uploads/apollo13_framework_files/css/user018d.css]
[www.imperorp.com/wp-content/plugins/elementor/assets/lib/font-awesome/webfonts/fa-brands-400.eot]
[www.imperorp.com/wp-content/plugins/elementor/assets/lib/font-awesome/webfonts/fa-brands-400d41d.eot]
[www.imperorp.com/wp-content/plugins/elementor/assets/lib/font-awesome/webfonts/fa-brands-400.woff2]
[www.imperorp.com/wp-content/plugins/elementor/assets/lib/font-awesome/webfonts/fa-brands-400.woff]
[www.imperorp.com/wp-content/plugins/elementor/assets/lib/font-awesome/webfonts/fa-brands-400.ttf]
[www.imperorp.com/wp-content/plugins/elementor/assets/lib/font-awesome/webfonts/fa-brands-400.svg]
[www.imperorp.com/wp-content/plugins/elementor/assets/lib/font-awesome/webfonts/fa-regular-400.eot]
[www.imperorp.com/wp-content/plugins/elementor/assets/lib/font-awesome/webfonts/fa-regular-400d41d.eot]
[www.imperorp.com/wp-content/plugins/elementor/assets/lib/font-awesome/webfonts/fa-regular-400.woff2]
[www.imperorp.com/wp-content/plugins/elementor/assets/lib/font-awesome/webfonts/fa-regular-400.woff]
[www.imperorp.com/wp-content/plugins/elementor/assets/lib/font-awesome/webfonts/fa-regular-400.ttf]
[www.imperorp.com/wp-content/plugins/elementor/assets/lib/font-awesome/webfonts/fa-regular-400.svg]
[www.imperorp.com/wp-content/plugins/elementor/assets/lib/font-awesome/webfonts/fa-solid-900.eot]
[www.imperorp.com/wp-content/plugins/elementor/assets/lib/font-awesome/webfonts/fa-solid-900d41d.eot]
[www.imperorp.com/wp-content/plugins/elementor/assets/lib/font-awesome/webfonts/fa-solid-900.woff2]
[www.imperorp.com/wp-content/plugins/elementor/assets/lib/font-awesome/webfonts/fa-solid-900.woff]
[www.imperorp.com/wp-content/plugins/elementor/assets/lib/font-awesome/webfonts/fa-solid-900.ttf]
[www.imperorp.com/wp-content/plugins/elementor/assets/lib/font-awesome/css/all.mina7da.css]
[www.imperorp.com/wp-content/plugins/elementor/assets/lib/font-awesome/css/v4-shims.mina7da.css]
[www.imperorp.com/wp-content/plugins/elementor/assets/lib/font-awesome/css/fontawesome.min52d5.css]
[www.imperorp.com/wp-content/plugins/elementor/assets/lib/font-awesome/css/brands.min52d5.css]
[www.imperorp.com/wp-content/plugins/elementor/assets/lib/font-awesome/css/solid.min52d5.css]
[www.imperorp.com/wp-content/plugins/elementor/assets/lib/font-awesome/webfonts/fa-solid-900.svg]
[www.imperorp.com/wp-content/uploads/elementor/css/post-1230873a2.css]
[www.imperorp.com/wp-json/wp/v2/pages/12308.json]
[www.imperorp.com/wp-json/oembed/1.0/embed5430.json]
[www.imperorp.com/wp-json/oembed/1.0/embedcd28]
[www.imperorp.com/wp-content/uploads/2021/11/ninjo_logo_Nvf2.png]
[www.imperorp.com/wp-content/uploads/2021/11/TheStronghtProfilePic.png]
[www.imperorp.com/staff/www.imperorp.com]
[www.imperorp.com/staff/index.html]
[www.imperorp.com/wp-content/uploads/elementor/css/post-1229674a0.css]
[www.imperorp.com/wp-json/wp/v2/pages/12296.json]
[www.imperorp.com/wp-json/oembed/1.0/embedaf47.json]
[www.imperorp.com/wp-json/oembed/1.0/embed16a3]
[www.imperorp.com/streamer/www.imperorp.com]
[www.imperorp.com/streamer/index.html]
[www.imperorp.com/wp-content/uploads/elementor/css/post-12239d8bc.css]
[www.imperorp.com/wp-json/wp/v2/pages/12239.json]
[www.imperorp.com/wp-json/oembed/1.0/embedf5c7.json]
[www.imperorp.com/wp-json/oembed/1.0/embed4a89]
[www.imperorp.com/wp-content/uploads/2021/11/audi-rs7.jpg]
[www.imperorp.com/wp-content/uploads/2021/11/Lamborghini-Aventador.jpg]
[www.imperorp.com/wp-content/uploads/2021/11/Ferrari-SF90-.jpg]
[www.imperorp.com/wp-content/uploads/2021/11/range-rover-velar.jpg]
[www.imperorp.com/wp-content/uploads/2021/11/audi-rs3.jpg]
[www.imperorp.com/wp-content/uploads/2021/11/Bmw-M8.jpg]
[www.imperorp.com/wp-content/uploads/2021/11/Infinity-Q60.jpg]
[www.imperorp.com/wp-content/uploads/2021/11/Ferrari-F8-Spider.jpg]
[www.imperorp.com/wp-content/uploads/2021/11/Lamborghini-Huracan.jpg]
[www.imperorp.com/wp-content/uploads/2021/11/Nissan-GTR-50.jpg]
[www.imperorp.com/wp-content/uploads/2021/11/Alfa-Romeo-Stelvio.jpg]
[www.imperorp.com/wp-content/uploads/2021/11/Alfa-Romeo-Giulia.jpg]
[www.imperorp.com/wp-content/uploads/2021/11/Bmw-M4.jpg]
[www.imperorp.com/wp-content/uploads/2021/11/ferrari-portofino.jpg]
[www.imperorp.com/wp-content/uploads/2021/11/Bmw-M2.jpg]
[www.imperorp.com/wp-content/uploads/2021/11/Bugatti-Divo.jpg]
[www.imperorp.com/wp-content/uploads/2021/11/Porshe-Taycan-.jpg]
[www.imperorp.com/wp-content/uploads/2021/11/Radical-RXC-Monza-Garage.jpg]
[www.imperorp.com/wp-content/uploads/2021/11/Porshe-911.jpg]
[www.imperorp.com/wp-content/uploads/2021/11/Golf-Mk7.jpg]
[www.imperorp.com/wp-content/uploads/2021/11/Ford-Focus-RS.jpg]
[www.imperorp.com/wp-content/uploads/2021/11/Alfa-Romeo-Giulietta.jpg]
[www.imperorp.com/wp-content/uploads/2021/11/Ford-Mustang.jpg]
[www.imperorp.com/wp-content/uploads/2021/11/Ford-Raptor.jpg]
[www.imperorp.com/wp-content/uploads/2021/11/Abart-695.jpg]
[www.imperorp.com/wp-content/uploads/2021/11/Doge-Challenger.jpg]
[www.imperorp.com/wp-content/uploads/2021/11/Mercedes-AMG-GT-Cabrio.jpg]
[www.imperorp.com/wp-content/uploads/2021/11/Mercedes-G63.jpg]
[www.imperorp.com/wp-content/uploads/2021/11/Yamaha-Tmax.jpg]
[www.imperorp.com/wp-content/uploads/2021/11/Toyota-Supra.jpg]
[www.imperorp.com/auto/www.imperorp.com]
[www.imperorp.com/auto/index.html]
[www.imperorp.com/wp-content/uploads/elementor/css/post-12835c242.css]
[www.imperorp.com/wp-json/wp/v2/pages/12835.json]
[www.imperorp.com/wp-json/oembed/1.0/embede2ee.json]
[www.imperorp.com/wp-json/oembed/1.0/embedb600]
[www.imperorp.com/pacchetti/www.imperorp.com]
[www.imperorp.com/pacchetti/index.html]
[www.imperorp.com/wp-content/uploads/elementor/css/post-127005bdf.css]
[www.imperorp.com/wp-json/wp/v2/pages/12700.json]
[www.imperorp.com/wp-json/oembed/1.0/embed23b7.json]
[www.imperorp.com/wp-json/oembed/1.0/embedb693]
[www.imperorp.com/wp-content/uploads/apollo13_images/Tavola-da-disegno-1-76qob3mc3l2t3gr6hsda6ha3gel87hl9ri.png]
[www.imperorp.com/wp-content/uploads/apollo13_images/Tavola-da-disegno-3-76qoaveehqckbog02pg6qpibu0zmh2148e.png]
[www.imperorp.com/wp-content/uploads/apollo13_images/Tavola-da-disegno-2-76qoaq3h7478uww0kuj809wxhwuz5t5j8u.png]
[www.imperorp.com/changelog/www.imperorp.com]
[www.imperorp.com/changelog/index.html]
[www.imperorp.com/www.imperorp.html]
[www.imperorp.com/wp-content/plugins/elementor/assets/lib/animations/animations.mina7da.css]
[www.imperorp.com/wp-content/plugins/elementor/assets/lib/eicons/fonts/eiconsc387.svg]
[www.imperorp.com/wp-content/themes/rife-free/js/light-gallery/fonts/lg8306.svg]
[www.imperorp.com/wp-content/plugins/elementor/assets/lib/font-awesome/fonts/fontawesome-webfont3e6e.svg]
[www.imperorp.com/wp-content/themes/rife-free/fonts/a13-icomoon8e69.svg]
[www.imperorp.com/wp-content/plugins/elementor/assets/lib/font-awesome/webfonts/fa-brands-400.svg]
[www.imperorp.com/wp-content/plugins/elementor/assets/lib/font-awesome/webfonts/fa-regular-400.svg]
[www.imperorp.com/wp-content/plugins/elementor/assets/lib/font-awesome/webfonts/fa-solid-900.svg]
[www.imperorp.com/changelog-01-12-2021-2/index.html]
[www.imperorp.com/changelog-25-11-2021/index.html]
[www.imperorp.com/changelog-23-11-2021/index.html]
[www.imperorp.com/wp-content/uploads/2021/11/staff1.png]
[www.imperorp.com/wp-content/uploads/2021/11/staff3.png]
[www.imperorp.com/wp-content/uploads/2021/11/staff4.png]
[www.imperorp.com/wp-content/uploads/2021/11/staff5.png]
[www.imperorp.com/wp-content/uploads/2021/11/staff2.png]
[www.imperorp.com/wp-content/uploads/2021/11/staff8.png]
[www.imperorp.com/wp-content/uploads/2021/11/staff6.png]
[www.imperorp.com/wp-content/uploads/2021/11/staff7.png]
[www.imperorp.com/wp-content/uploads/elementor/css/post-1230873a2.css]
[www.imperorp.com/index1d9a.html]
[www.imperorp.com/staff/www.imperorp.html]
[www.imperorp.com/wp-content/uploads/elementor/css/post-1229674a0.css]
[www.imperorp.com/index1e9e.html]
[www.imperorp.com/streamer/www.imperorp.html]
[www.imperorp.com/wp-content/uploads/elementor/css/post-12239d8bc.css]
[www.imperorp.com/indexdc26.html]
[www.imperorp.com/auto/www.imperorp.html]
[www.imperorp.com/wp-content/uploads/2021/12/transparent-green-cash-money-logo-5dcfb166ab7560.3126965515738924547023.jpg.png]
[www.imperorp.com/wp-content/uploads/elementor/css/post-12835c242.css]
[www.imperorp.com/indexe419.html]
[www.imperorp.com/pacchetti/www.imperorp.html]
[www.imperorp.com/wp-content/uploads/elementor/css/post-127005bdf.css]
[www.imperorp.com/indexba76.html]
[www.imperorp.com/wp-content/uploads/2021/12/Tavola-da-disegno-1.png]
[www.imperorp.com/changelog-01-12-2021-2/feed/index.html]
[www.imperorp.com/wp-json/wp/v2/posts/12726.json]
[www.imperorp.com/wp-json/oembed/1.0/embed71ba.json]
[www.imperorp.com/wp-json/oembed/1.0/embedfba8]
[www.imperorp.com/wp-content/uploads/apollo13_images/Tavola-da-disegno-3-76qoaved58fcvotvn5cwyrws9p4gz14elm.png]
[www.imperorp.com/changelog-01-12-2021-2/www.imperorp.com]
[www.imperorp.com/changelog-01-12-2021-2/index.html]
[www.imperorp.com/author/admin/index.html]
[www.imperorp.com/wp-includes/js/comment-reply.min74e5.js]
[www.imperorp.com/wp-content/uploads/2021/12/Tavola-da-disegno-3.png]
[www.imperorp.com/changelog-25-11-2021/feed/index.html]
[www.imperorp.com/wp-json/wp/v2/posts/12710.json]
[www.imperorp.com/wp-json/oembed/1.0/embed9c7f.json]
[www.imperorp.com/wp-json/oembed/1.0/embed7aba]
[www.imperorp.com/wp-content/uploads/apollo13_images/Tavola-da-disegno-2-76qoaq3fuma1ex9w5afy8cbdxkztns8tm2.png]
[www.imperorp.com/wp-content/uploads/apollo13_images/Tavola-da-disegno-1-76qob3mar35lnh5228a0ejojw2q2pgok4q.png]
[www.imperorp.com/changelog-25-11-2021/www.imperorp.com]
[www.imperorp.com/changelog-25-11-2021/index.html]
[www.imperorp.com/wp-content/uploads/2021/12/Tavola-da-disegno-2.png]
[www.imperorp.com/changelog-23-11-2021/feed/index.html]
[www.imperorp.com/wp-json/wp/v2/posts/12713.json]
[www.imperorp.com/wp-json/oembed/1.0/embed6cf5.json]
[www.imperorp.com/wp-json/oembed/1.0/embedb13d]
[www.imperorp.com/changelog-23-11-2021/www.imperorp.com]
[www.imperorp.com/changelog-23-11-2021/index.html]
[www.imperorp.com/changelog/www.imperorp.html]
[www.imperorp.com/index1812.html]
[www.imperorp.com/xmlrpc.php]
[www.imperorp.com/ciao-mondo/index.html]
[www.imperorp.com/wp-json/wp/v2/users/1.json]
[www.imperorp.com/wp-content/uploads/apollo13_images/Tavola-da-disegno-1-76qob3mbix9zoe7p8k5e6oknta5cq0v0ny.png]
[www.imperorp.com/author/admin/feed/index.html]
[www.imperorp.com/wp-content/uploads/apollo13_images/Tavola-da-disegno-3-76qoavedx2jqwlwith8aqwsw6wjqzlav4u.png]
[www.imperorp.com/wp-content/uploads/apollo13_images/Tavola-da-disegno-2-76qoaq3gmgeffucjbmbc0h7husf3ocfa5a.png]
[www.imperorp.com/wp-content/uploads/apollo13_images/station2-76elyzkpldvdetz09xjv5tva350n44y3dq.jpg]
[www.imperorp.com/wp-content/uploads/apollo13_images/solorock-76elyzkpldvdetz09xjv5tva350n44y3dq.jpg]
[www.imperorp.com/wp-content/uploads/apollo13_images/hood-lookout-76elyzkpldvdetz09xjv5tva350n44y3dq.jpg]
[www.imperorp.com/wp-content/uploads/apollo13_images/geostairs-76elyzkpldvdetz09xjv5tva350n44y3dq.jpg]
[www.imperorp.com/wp-content/uploads/apollo13_images/dtla6thst-76elyzkpldvdetz09xjv5tva350n44y3dq.jpg]
[www.imperorp.com/wp-content/uploads/apollo13_images/catalinafog-76elyzkpldvdetz09xjv5tva350n44y3dq.jpg]
[www.imperorp.com/lonely-beach/index.html]
[www.imperorp.com/author/admin/www.imperorp.com]
[www.imperorp.com/author/admin/index.html]
[www.imperorp.com/old-rock/index.html]
[www.imperorp.com/lost-paradise/index.html]
[www.imperorp.com/changelog-01-12-2021-2/www.imperorp.html]
[www.imperorp.com/last-walk/index.html]
[www.imperorp.com/index9219.html]
[www.imperorp.com/changelog-25-11-2021/www.imperorp.html]
[www.imperorp.com/indexed1d.html]
[www.imperorp.com/china-town/index.html]
[www.imperorp.com/adventure-trip/index.html]
[www.imperorp.com/author/admin/page/2/index.html]
[www.imperorp.com/ciao-mondo/feed/index.html]
[www.imperorp.com/wp-json/wp/v2/posts/1.json]
[www.imperorp.com/wp-json/oembed/1.0/embed9537.json]
[www.imperorp.com/wp-json/oembed/1.0/embed8993]
[www.imperorp.com/wp-content/uploads/apollo13_images/station2-76elyzkotjqzdwwd3lohdoz65xld3krkdm.jpg]
[www.imperorp.com/ciao-mondo/www.imperorp.com]
[www.imperorp.com/ciao-mondo/index.html]
[www.imperorp.com/changelog-23-11-2021/www.imperorp.html]
[www.imperorp.com/wp-content/uploads/2018/10/station2.jpg]
[www.imperorp.com/wp-json/wp/v2/posts/2359.json]
[www.imperorp.com/lonely-beach/feed/index.html]
[www.imperorp.com/wp-json/oembed/1.0/embed30ca.json]
[www.imperorp.com/wp-json/oembed/1.0/embed0f72]
[www.imperorp.com/wp-content/uploads/apollo13_images/solorock-76elyzkotjqzdwwd3lohdoz65xld3krkdm.jpg]
[www.imperorp.com/lonely-beach/www.imperorp.com]
[www.imperorp.com/lonely-beach/index.html]
[www.imperorp.com/lonely-beach/index267f.html]
[www.imperorp.com/lonely-beach/index0e22.html]
[www.imperorp.com/lonely-beach/index41b7.html]
[www.imperorp.com/lonely-beach/index8e42.html]
[www.imperorp.com/wp-content/uploads/2018/10/solorock.jpg]
[www.imperorp.com/lonely-beach/index94a5.html]
[www.imperorp.com/lonely-beach/index3094.html]
[www.imperorp.com/lonely-beach/index21b4.html]
[www.imperorp.com/wp-json/wp/v2/posts/2399.json]
[www.imperorp.com/lonely-beach/indexfc06.html]
[www.imperorp.com/old-rock/feed/index.html]
[www.imperorp.com/wp-json/oembed/1.0/embeddebf.json]
[www.imperorp.com/wp-json/oembed/1.0/embed6672]
[www.imperorp.com/wp-content/uploads/apollo13_images/hood-lookout-76elyzkotjqzdwwd3lohdoz65xld3krkdm.jpg]
[www.imperorp.com/old-rock/www.imperorp.com]
[www.imperorp.com/old-rock/index.html]
[www.imperorp.com/old-rock/indexfa40.html]
[www.imperorp.com/old-rock/index6f0d.html]
[www.imperorp.com/old-rock/index360b.html]
[www.imperorp.com/old-rock/index8528.html]
[www.imperorp.com/wp-content/uploads/2018/10/hood-lookout.jpg]
[www.imperorp.com/old-rock/indexa79a.html]
[www.imperorp.com/old-rock/indexb951.html]
[www.imperorp.com/wp-json/wp/v2/posts/2397.json]
[www.imperorp.com/old-rock/index5a86.html]
[www.imperorp.com/lost-paradise/feed/index.html]
[www.imperorp.com/wp-json/oembed/1.0/embed4b66.json]
[www.imperorp.com/wp-json/oembed/1.0/embed77d0]
[www.imperorp.com/wp-content/uploads/apollo13_images/geostairs-76elyzkotjqzdwwd3lohdoz65xld3krkdm.jpg]
[www.imperorp.com/lost-paradise/www.imperorp.com]
[www.imperorp.com/lost-paradise/index.html]
[www.imperorp.com/lost-paradise/indexa858.html]
[www.imperorp.com/wp-content/uploads/2018/10/geostairs.jpg]
[www.imperorp.com/lost-paradise/index04d3.html]
[www.imperorp.com/last-walk/feed/index.html]
[www.imperorp.com/wp-json/wp/v2/posts/2374.json]
[www.imperorp.com/wp-json/oembed/1.0/embed48a8.json]
[www.imperorp.com/wp-json/oembed/1.0/embedf9ec]
[www.imperorp.com/wp-content/uploads/apollo13_images/dtla6thst-76elyzkotjqzdwwd3lohdoz65xld3krkdm.jpg]
[www.imperorp.com/last-walk/www.imperorp.com]
[www.imperorp.com/last-walk/index.html]
[www.imperorp.com/wp-content/uploads/2018/10/dtla6thst.jpg]
[www.imperorp.com/china-town/feed/index.html]
[www.imperorp.com/wp-json/wp/v2/posts/2387.json]
[www.imperorp.com/wp-json/oembed/1.0/embed03f3.json]
[www.imperorp.com/wp-json/oembed/1.0/embed45f8]
[www.imperorp.com/wp-content/uploads/apollo13_images/catalinafog-76elyzkotjqzdwwd3lohdoz65xld3krkdm.jpg]
[www.imperorp.com/china-town/www.imperorp.com]
[www.imperorp.com/china-town/index.html]
[www.imperorp.com/wp-content/uploads/2018/10/catalinafog.jpg]
[www.imperorp.com/adventure-trip/feed/index.html]
[www.imperorp.com/wp-json/wp/v2/posts/2386.json]
[www.imperorp.com/wp-json/oembed/1.0/embed5f65.json]
[www.imperorp.com/wp-json/oembed/1.0/embed2ce5]
[www.imperorp.com/wp-content/uploads/apollo13_images/dtlawait-76elyzkotjqzdwwd3lohdoz65xld3krkdm.jpg]
[www.imperorp.com/adventure-trip/www.imperorp.com]
[www.imperorp.com/adventure-trip/index.html]
[www.imperorp.com/last-shoot/index.html]
[www.imperorp.com/wp-content/uploads/apollo13_images/dtlawait-76elyzkpldvdetz09xjv5tva350n44y3dq.jpg]
[www.imperorp.com/wp-content/uploads/apollo13_images/cornerbuilding-76elyzkpldvdetz09xjv5tva350n44y3dq.jpg]
[www.imperorp.com/author/admin/page/2/www.imperorp.com]
[www.imperorp.com/author/admin/page/2/index.html]
[www.imperorp.com/author/admin/www.imperorp.html]
[www.imperorp.com/indexcff1.html]
[www.imperorp.com/ciao-mondo/www.imperorp.html]
[www.imperorp.com/index4de4.html]
[www.imperorp.com/lonely-beach/index267f.html]
[www.imperorp.com/lonely-beach/index0e22.html]
[www.imperorp.com/lonely-beach/index41b7.html]
[www.imperorp.com/lonely-beach/index8e42.html]
[www.imperorp.com/lonely-beach/index94a5.html]
[www.imperorp.com/lonely-beach/index3094.html]
[www.imperorp.com/lonely-beach/index21b4.html]
[www.imperorp.com/lonely-beach/indexfc06.html]
[www.imperorp.com/lonely-beach/www.imperorp.html]
[www.imperorp.com/index23e2.html]
[www.imperorp.com/old-rock/indexfa40.html]
[www.imperorp.com/old-rock/index6f0d.html]
[www.imperorp.com/old-rock/index360b.html]
[www.imperorp.com/old-rock/index8528.html]
[www.imperorp.com/old-rock/indexa79a.html]
[www.imperorp.com/old-rock/indexb951.html]
[www.imperorp.com/old-rock/index5a86.html]
[www.imperorp.com/old-rock/www.imperorp.html]
[www.imperorp.com/indexf7ba.html]
[www.imperorp.com/lost-paradise/indexa858.html]
[www.imperorp.com/lost-paradise/index04d3.html]
[www.imperorp.com/lost-paradise/www.imperorp.html]
[www.imperorp.com/index9f9d.html]
[www.imperorp.com/last-walk/www.imperorp.html]
[www.imperorp.com/indexa2b2.html]
[www.imperorp.com/china-town/www.imperorp.html]
[www.imperorp.com/index9210.html]
[www.imperorp.com/last-day-in-vegas/index.html]
[www.imperorp.com/wp-content/uploads/2018/10/dtlawait.jpg]
[www.imperorp.com/last-shoot/feed/index.html]
[www.imperorp.com/wp-json/wp/v2/posts/2389.json]
[www.imperorp.com/wp-json/oembed/1.0/embed4f75.json]
[www.imperorp.com/wp-json/oembed/1.0/embedf1ef]
[www.imperorp.com/wp-content/uploads/apollo13_images/cornerbuilding-76elyzkotjqzdwwd3lohdoz65xld3krkdm.jpg]
[www.imperorp.com/last-shoot/www.imperorp.com]
[www.imperorp.com/last-shoot/index.html]
[www.imperorp.com/adventure-trip/www.imperorp.html]
[www.imperorp.com/wp-content/uploads/2018/10/cornerbuilding.jpg]
[www.imperorp.com/last-day-in-vegas/feed/index.html]
[www.imperorp.com/wp-json/wp/v2/posts/2384.json]
[www.imperorp.com/wp-json/oembed/1.0/embede6ee.json]
[www.imperorp.com/wp-json/oembed/1.0/embed611b]
[www.imperorp.com/last-day-in-vegas/www.imperorp.com]
[www.imperorp.com/last-day-in-vegas/index.html]
[www.imperorp.com/author/admin/page/2/www.imperorp.html]
[www.imperorp.com/index6081.html]
[www.imperorp.com/last-shoot/www.imperorp.html]
[www.imperorp.com/index90ed.html]
[www.imperorp.com/last-day-in-vegas/index6944.html]
[www.imperorp.com/last-day-in-vegas/index6944.html]
[www.imperorp.com/last-day-in-vegas/www.imperorp.html]
